// Jest Snapshot v1, https://goo.gl/fbAQLP

exports[`<Card/> renders this UI as Expected 1`] = `
<div
  className="Card"
>
  <button
    type="button"
  >
    Delete
  </button>
  <h3>
    Card 1
  </h3>
  <p>
    Stuffs And Things
  </p>
</div>
`;
