// Jest Snapshot v1, https://goo.gl/fbAQLP

exports[`<List/> renders this UI as Expected 1`] = `
<section
  className="List"
>
  <header
    className="List-header"
  />
  <div
    className="List-cards"
  >
    <div
      className="Card"
    >
      <button
        type="button"
      >
        Delete
      </button>
      <h3>
        First card
      </h3>
      <p>
        lorem ipsum
      </p>
    </div>
    <div
      className="Card"
    >
      <button
        type="button"
      >
        Delete
      </button>
      <h3>
        Second card
      </h3>
      <p>
        lorem ipsum
      </p>
    </div>
    <div
      className="Card"
    >
      <button
        type="button"
      >
        Delete
      </button>
      <h3>
        Fifth card
      </h3>
      <p>
        lorem ipsum
      </p>
    </div>
    <div
      className="Card"
    >
      <button
        type="button"
      >
        Delete
      </button>
      <h3>
        Sixth card
      </h3>
      <p>
        lorem ipsum
      </p>
    </div>
    <div
      className="Card"
    >
      <button
        type="button"
      >
        Delete
      </button>
      <h3>
        Seventh card
      </h3>
      <p>
        lorem ipsum
      </p>
    </div>
    <div
      className="Card"
    >
      <button
        type="button"
      >
        Delete
      </button>
      <h3>
        Tenth card
      </h3>
      <p>
        lorem ipsum
      </p>
    </div>
    <div
      className="Card"
    >
      <button
        type="button"
      >
        Delete
      </button>
      <h3>
        Twelfth card
      </h3>
      <p>
        lorem ipsum
      </p>
    </div>
    <div
      className="Card"
    >
      <button
        type="button"
      >
        Delete
      </button>
      <h3>
        Thirteenth card
      </h3>
      <p>
        lorem ipsum
      </p>
    </div>
  </div>
</section>
`;
